******************************************************************************
                  TI ARM Linker PC v18.1.4                     
******************************************************************************
>> Linked Mon Oct  7 00:54:41 2019

OUTPUT FILE NAME:   <lab5.out>
ENTRY POINT SYMBOL: "_c_int00_noinit_noargs"  address: 00000645


MEMORY CONFIGURATION

         name            origin    length      used     unused   attr    fill
----------------------  --------  ---------  --------  --------  ----  --------
  FLASH                 00000000   00040000  000007ac  0003f854  R  X
  SRAM                  20000000   00008000  00000068  00007f98  RW X


SEGMENT ALLOCATION MAP

run origin  load origin   length   init length attrs members
----------  ----------- ---------- ----------- ----- -------
00000000    00000000    000007ac   000007ac    r-x
  00000000    00000000    0000026c   0000026c    r-- .intvecs
  0000026c    0000026c    00000464   00000464    r-x .text
  000006d0    000006d0    000000dc   000000dc    r-- .const
20000000    20000000    00000068   00000000    rw-
  20000000    20000000    00000068   00000000    rw- .stack


SECTION ALLOCATION MAP

 output                                  attributes/
section   page    origin      length       input sections
--------  ----  ----------  ----------   ----------------
.intvecs   0    00000000    0000026c     
                  00000000    0000026c     tm4c123gh6pm_startup_ccs.obj (.intvecs)

.text      0    0000026c    00000464     
                  0000026c    000001cc     main.obj (.text)
                  00000438    00000110     driverlib.lib : sysctl.obj (.text:SysCtlClockGet)
                  00000548    00000068                   : interrupt.obj (.text:IntEnable)
                  000005b0    00000060                   : timer.obj (.text:TimerConfigure)
                  00000610    00000034                   : sysctl.obj (.text:SysCtlPeripheralEnable)
                  00000644    00000030     rtsv7M4_T_le_v4SPD16_eabi.lib : boot_cortex_m.c.obj (.text:_c_int00_noinit_noargs:_c_int00_noinit_noargs)
                  00000674    00000012     driverlib.lib : timer.obj (.text:TimerLoadSet)
                  00000686    00000010                   : interrupt.obj (.text:IntMasterEnable)
                  00000696    0000000e                   : timer.obj (.text:TimerEnable)
                  000006a4    0000000c                   : cpu.obj (.text:CPUcpsie)
                  000006b0    0000000c     tm4c123gh6pm_startup_ccs.obj (.text)
                  000006bc    00000008     driverlib.lib : timer.obj (.text:TimerIntEnable)
                  000006c4    00000004                   : timer.obj (.text:TimerIntClear)
                  000006c8    00000004     rtsv7M4_T_le_v4SPD16_eabi.lib : pre_init.c.obj (.text:_system_pre_init)
                  000006cc    00000004                                   : exit.c.obj (.text:abort:abort)

.const     0    000006d0    000000dc     
                  000006d0    00000070     driverlib.lib : interrupt.obj (.const)
                  00000740    0000006c                   : sysctl.obj (.const:g_pui32Xtals)

.cinit     0    00000000    00000000     UNINITIALIZED

.init_array 
*          0    00000000    00000000     UNINITIALIZED

.stack     0    20000000    00000068     UNINITIALIZED
                  20000000    00000004     rtsv7M4_T_le_v4SPD16_eabi.lib : boot_cortex_m.c.obj (.stack)
                  20000004    00000064     --HOLE--

MODULE SUMMARY

       Module                         code   ro data   rw data
       ------                         ----   -------   -------
    .\
       tm4c123gh6pm_startup_ccs.obj   12     620       0      
       main.obj                       460    0         0      
    +--+------------------------------+------+---------+---------+
       Total:                         472    620       0      
                                                              
    C:/ti/tivaware_c_series_2_1_4_178/driverlib/ccs/Debug/driverlib.lib
       sysctl.obj                     324    108       0      
       interrupt.obj                  120    112       0      
       timer.obj                      140    0         0      
       cpu.obj                        12     0         0      
    +--+------------------------------+------+---------+---------+
       Total:                         596    220       0      
                                                              
    C:\ti\ccsv8\tools\compiler\ti-cgt-arm_18.1.4.LTS\lib\rtsv7M4_T_le_v4SPD16_eabi.lib
       boot_cortex_m.c.obj            48     0         0      
       exit.c.obj                     4      0         0      
       pre_init.c.obj                 4      0         0      
    +--+------------------------------+------+---------+---------+
       Total:                         56     0         0      
                                                              
       Stack:                         0      0         104    
    +--+------------------------------+------+---------+---------+
       Grand Total:                   1124   840       104    


GLOBAL SYMBOLS: SORTED ALPHABETICALLY BY Name 

address   name                  
-------   ----                  
000006cd  C$$EXIT               
000006a5  CPUcpsie              
00000549  IntEnable             
00000687  IntMasterEnable       
000006b1  ResetISR              
00000439  SysCtlClockGet        
00000611  SysCtlPeripheralEnable
000003e9  Timer1IntHandler      
000005b1  TimerConfigure        
00000697  TimerEnable           
000006c5  TimerIntClear         
000006bd  TimerIntEnable        
00000675  TimerLoadSet          
20000068  __STACK_END           
00000068  __STACK_SIZE          
20000200  __STACK_TOP           
ffffffff  __TI_pprof_out_hndl   
ffffffff  __TI_prof_data_size   
ffffffff  __TI_prof_data_start  
00000000  __TI_static_base__    
ffffffff  __binit__             
ffffffff  __c_args__            
UNDEFED   __mpu_init            
20000000  __stack               
00000645  _c_int00_noinit_noargs
000006c9  _system_pre_init      
000006cd  abort                 
ffffffff  binit                 
00000000  g_pfnVectors          
0000026d  main                  


GLOBAL SYMBOLS: SORTED BY Symbol Address 

address   name                  
-------   ----                  
00000000  __TI_static_base__    
00000000  g_pfnVectors          
00000068  __STACK_SIZE          
0000026d  main                  
000003e9  Timer1IntHandler      
00000439  SysCtlClockGet        
00000549  IntEnable             
000005b1  TimerConfigure        
00000611  SysCtlPeripheralEnable
00000645  _c_int00_noinit_noargs
00000675  TimerLoadSet          
00000687  IntMasterEnable       
00000697  TimerEnable           
000006a5  CPUcpsie              
000006b1  ResetISR              
000006bd  TimerIntEnable        
000006c5  TimerIntClear         
000006c9  _system_pre_init      
000006cd  C$$EXIT               
000006cd  abort                 
20000000  __stack               
20000068  __STACK_END           
20000200  __STACK_TOP           
ffffffff  __TI_pprof_out_hndl   
ffffffff  __TI_prof_data_size   
ffffffff  __TI_prof_data_start  
ffffffff  __binit__             
ffffffff  __c_args__            
ffffffff  binit                 
UNDEFED   __mpu_init            

[30 symbols]
