******************************************************************************
                  TI ARM Linker PC v18.1.6                     
******************************************************************************
>> Linked Mon Sep 30 00:07:37 2019

OUTPUT FILE NAME:   <lab4_task2.out>
ENTRY POINT SYMBOL: "_c_int00_noinit_noargs"  address: 0000084d


MEMORY CONFIGURATION

         name            origin    length      used     unused   attr    fill
----------------------  --------  ---------  --------  --------  ----  --------
  FLASH                 00000000   00040000  00000a22  0003f5de  R  X
  SRAM                  20000000   00008000  00000200  00007e00  RW X


SEGMENT ALLOCATION MAP

run origin  load origin   length   init length attrs members
----------  ----------- ---------- ----------- ----- -------
00000000    00000000    00000a24   00000a24    r-x
  00000000    00000000    0000026c   0000026c    r-- .intvecs
  0000026c    0000026c    000006da   000006da    r-x .text
  00000948    00000948    000000dc   000000dc    r-- .const
20000000    20000000    00000200   00000000    rw-
  20000000    20000000    00000200   00000000    rw- .stack


SECTION ALLOCATION MAP

 output                                  attributes/
section   page    origin      length       input sections
--------  ----  ----------  ----------   ----------------
.intvecs   0    00000000    0000026c     
                  00000000    0000026c     tm4c123gh6pm_startup_ccs.obj (.intvecs)

.text      0    0000026c    000006da     
                  0000026c    000001ac     main.obj (.text)
                  00000418    00000132     driverlib.lib : gpio.obj (.text:GPIOPadConfigSet)
                  0000054a    00000002     --HOLE-- [fill = 0]
                  0000054c    00000110                   : sysctl.obj (.text:SysCtlClockGet)
                  0000065c    000000f4                   : sysctl.obj (.text:SysCtlClockSet)
                  00000750    00000068                   : interrupt.obj (.text:IntEnable)
                  000007b8    00000060                   : timer.obj (.text:TimerConfigure)
                  00000818    00000034                   : sysctl.obj (.text:SysCtlPeripheralEnable)
                  0000084c    00000030     rtsv7M4_T_le_v4SPD16_eabi.lib : boot_cortex_m.c.obj (.text:_c_int00_noinit_noargs:_c_int00_noinit_noargs)
                  0000087c    0000002a     driverlib.lib : gpio.obj (.text:GPIODirModeSet)
                  000008a6    00000018                   : gpio.obj (.text:GPIOPinTypeGPIOOutput)
                  000008be    00000002     --HOLE-- [fill = 0]
                  000008c0    00000018                   : timer.obj (.text:TimerDisable)
                  000008d8    00000012                   : timer.obj (.text:TimerLoadSet)
                  000008ea    00000010                   : interrupt.obj (.text:IntMasterEnable)
                  000008fa    0000000e                   : timer.obj (.text:TimerEnable)
                  00000908    0000000c                   : cpu.obj (.text:CPUcpsie)
                  00000914    0000000c     tm4c123gh6pm_startup_ccs.obj (.text)
                  00000920    00000008     driverlib.lib : timer.obj (.text:TimerIntEnable)
                  00000928    00000006                   : gpio.obj (.text:GPIOPinRead)
                  0000092e    00000006                   : gpio.obj (.text:GPIOPinWrite)
                  00000934    00000006                   : sysctl.obj (.text:SysCtlDelay)
                  0000093a    00000004                   : timer.obj (.text:TimerIntClear)
                  0000093e    00000004     rtsv7M4_T_le_v4SPD16_eabi.lib : pre_init.c.obj (.text:_system_pre_init)
                  00000942    00000004                                   : exit.c.obj (.text:abort:abort)

.const     0    00000948    000000dc     
                  00000948    00000070     driverlib.lib : interrupt.obj (.const)
                  000009b8    0000006c                   : sysctl.obj (.const:g_pui32Xtals)

.cinit     0    00000000    00000000     UNINITIALIZED

.init_array 
*          0    00000000    00000000     UNINITIALIZED

.stack     0    20000000    00000200     UNINITIALIZED
                  20000000    00000004     rtsv7M4_T_le_v4SPD16_eabi.lib : boot_cortex_m.c.obj (.stack)
                  20000004    000001fc     --HOLE--

MODULE SUMMARY

       Module                         code   ro data   rw data
       ------                         ----   -------   -------
    .\
       tm4c123gh6pm_startup_ccs.obj   12     620       0      
       main.obj                       428    0         0      
    +--+------------------------------+------+---------+---------+
       Total:                         440    620       0      
                                                              
    C:/ti/tivaware_c_series_2_1_4_178/driverlib/ccs/Debug/driverlib.lib
       sysctl.obj                     574    108       0      
       gpio.obj                       384    0         0      
       interrupt.obj                  120    112       0      
       timer.obj                      164    0         0      
       cpu.obj                        12     0         0      
    +--+------------------------------+------+---------+---------+
       Total:                         1254   220       0      
                                                              
    C:\ti\ccsv8\tools\compiler\ti-cgt-arm_18.1.6.LTS\lib\rtsv7M4_T_le_v4SPD16_eabi.lib
       boot_cortex_m.c.obj            48     0         0      
       exit.c.obj                     4      0         0      
       pre_init.c.obj                 4      0         0      
    +--+------------------------------+------+---------+---------+
       Total:                         56     0         0      
                                                              
       Stack:                         0      0         512    
    +--+------------------------------+------+---------+---------+
       Grand Total:                   1750   840       512    


GLOBAL SYMBOLS: SORTED ALPHABETICALLY BY Name 

address   name                  
-------   ----                  
00000943  C$$EXIT               
00000909  CPUcpsie              
0000087d  GPIODirModeSet        
00000419  GPIOPadConfigSet      
00000929  GPIOPinRead           
000008a7  GPIOPinTypeGPIOOutput 
0000092f  GPIOPinWrite          
00000751  IntEnable             
000008eb  IntMasterEnable       
00000915  ResetISR              
0000054d  SysCtlClockGet        
0000065d  SysCtlClockSet        
00000935  SysCtlDelay           
00000819  SysCtlPeripheralEnable
00000381  Timer0IntHandler      
00000363  Timer1IntHandler      
000007b9  TimerConfigure        
000008c1  TimerDisable          
000008fb  TimerEnable           
0000093b  TimerIntClear         
00000921  TimerIntEnable        
000008d9  TimerLoadSet          
20000200  __STACK_END           
00000200  __STACK_SIZE          
20000200  __STACK_TOP           
ffffffff  __TI_pprof_out_hndl   
ffffffff  __TI_prof_data_size   
ffffffff  __TI_prof_data_start  
00000000  __TI_static_base__    
ffffffff  __binit__             
ffffffff  __c_args__            
UNDEFED   __mpu_init            
20000000  __stack               
0000084d  _c_int00_noinit_noargs
0000093f  _system_pre_init      
00000943  abort                 
ffffffff  binit                 
00000000  g_pfnVectors          
0000026d  main                  


GLOBAL SYMBOLS: SORTED BY Symbol Address 

address   name                  
-------   ----                  
00000000  __TI_static_base__    
00000000  g_pfnVectors          
00000200  __STACK_SIZE          
0000026d  main                  
00000363  Timer1IntHandler      
00000381  Timer0IntHandler      
00000419  GPIOPadConfigSet      
0000054d  SysCtlClockGet        
0000065d  SysCtlClockSet        
00000751  IntEnable             
000007b9  TimerConfigure        
00000819  SysCtlPeripheralEnable
0000084d  _c_int00_noinit_noargs
0000087d  GPIODirModeSet        
000008a7  GPIOPinTypeGPIOOutput 
000008c1  TimerDisable          
000008d9  TimerLoadSet          
000008eb  IntMasterEnable       
000008fb  TimerEnable           
00000909  CPUcpsie              
00000915  ResetISR              
00000921  TimerIntEnable        
00000929  GPIOPinRead           
0000092f  GPIOPinWrite          
00000935  SysCtlDelay           
0000093b  TimerIntClear         
0000093f  _system_pre_init      
00000943  C$$EXIT               
00000943  abort                 
20000000  __stack               
20000200  __STACK_END           
20000200  __STACK_TOP           
ffffffff  __TI_pprof_out_hndl   
ffffffff  __TI_prof_data_size   
ffffffff  __TI_prof_data_start  
ffffffff  __binit__             
ffffffff  __c_args__            
ffffffff  binit                 
UNDEFED   __mpu_init            

[39 symbols]
